2025-07-25 16:24:19.163 | INFO     | app.services.cache_service:__aenter__:39 - Подключение к Redis установлено
2025-07-25 16:24:19.164 | INFO     | app.services.cache_service:__aenter__:39 - Подключение к Redis установлено
2025-07-25 16:24:19.166 | INFO     | app.services.cache_service:__aenter__:39 - Подключение к Redis установлено
2025-07-25 16:24:19.168 | INFO     | app.services.cache_service:__aenter__:39 - Подключение к Redis установлено
2025-07-25 16:24:19.170 | INFO     | app.services.cache_service:__aenter__:39 - Подключение к Redis установлено
2025-07-25 16:24:19.172 | INFO     | app.services.cache_service:__aenter__:39 - Подключение к Redis установлено
2025-07-25 16:24:19.175 | INFO     | app.services.cache_service:__aenter__:39 - Подключение к Redis установлено
2025-07-25 16:24:19.178 | INFO     | app.services.cache_service:__aenter__:39 - Подключение к Redis установлено
2025-07-25 16:24:19.181 | INFO     | app.services.cache_service:__aenter__:39 - Подключение к Redis установлено
2025-07-25 16:24:19.182 | INFO     | app.services.cache_service:__aenter__:39 - Подключение к Redis установлено
2025-07-25 16:24:19.183 | WARNING  | app.services.message_processor:_refresh_jira_dictionaries:410 - Нет учетных данных для пользователя test_user_12345, не можем обновить справочники
2025-07-25 16:24:19.184 | INFO     | app.services.cache_service:__aenter__:39 - Подключение к Redis установлено
2025-07-25 16:24:19.185 | INFO     | app.services.cache_service:__aenter__:39 - Подключение к Redis установлено
2025-07-25 16:24:19.185 | WARNING  | app.services.message_processor:_refresh_jira_dictionaries:410 - Нет учетных данных для пользователя test_user_12345, не можем обновить справочники
2025-07-25 16:24:19.186 | INFO     | app.services.cache_service:__aenter__:39 - Подключение к Redis установлено
2025-07-25 16:24:19.186 | DEBUG    | app.services.cache_service:set:135 - Значение сохранено в кеш: mapping:client:тестовый клиент (TTL: 2592000s)
2025-07-25 16:24:19.188 | INFO     | app.services.cache_service:__aenter__:39 - Подключение к Redis установлено
2025-07-25 16:24:19.188 | DEBUG    | app.services.cache_service:set:135 - Значение сохранено в кеш: mapping:user:иван иванов (TTL: 2592000s)
2025-07-25 16:24:19.189 | INFO     | app.services.cache_service:__aenter__:39 - Подключение к Redis установлено
2025-07-25 16:24:19.190 | DEBUG    | app.services.cache_service:set:135 - Значение сохранено в кеш: mapping:client:акме (TTL: 2592000s)
2025-07-25 16:24:19.191 | INFO     | app.services.cache_service:__aenter__:39 - Подключение к Redis установлено
2025-07-25 16:24:19.192 | INFO     | app.services.cache_service:__aenter__:39 - Подключение к Redis установлено
2025-07-25 16:24:19.193 | INFO     | app.services.cache_service:__aenter__:39 - Подключение к Redis установлено
2025-07-25 16:24:19.194 | INFO     | app.services.cache_service:__aenter__:39 - Подключение к Redis установлено
2025-07-25 16:24:19.195 | INFO     | app.services.cache_service:__aenter__:39 - Подключение к Redis установлено
2025-07-25 16:24:19.197 | INFO     | app.services.cache_service:__aenter__:39 - Подключение к Redis установлено
2025-07-25 16:24:19.198 | INFO     | app.services.cache_service:__aenter__:39 - Подключение к Redis установлено
2025-07-25 16:24:19.199 | INFO     | app.services.cache_service:__aenter__:39 - Подключение к Redis установлено
2025-07-25 16:24:19.200 | INFO     | app.services.cache_service:__aenter__:39 - Подключение к Redis установлено
2025-07-25 16:24:19.201 | INFO     | app.services.cache_service:__aenter__:39 - Подключение к Redis установлено
2025-07-25 16:24:19.203 | INFO     | app.services.cache_service:__aenter__:39 - Подключение к Redis установлено
2025-07-25 16:24:19.204 | INFO     | app.services.cache_service:__aenter__:39 - Подключение к Redis установлено
🚀 Ask Bot - Комплексное тестирование
==================================================

🧪 Запуск 65 тестов...

[  1/65] управление      | помощь                                            
                   ✅ PASSED (235ms)

[  2/65] управление      | help                                              
                   ✅ PASSED (0ms)

[  3/65] управление      | статус                                            
                   ✅ PASSED (8ms)

[  4/65] управление      | status                                            
                   ✅ PASSED (2ms)

[  5/65] управление      | проекты                                           
                   ❌ FAILED: Отсутствует ключевое слово: 'проект'.
                      Ответ: ❌ Необходимо авторизоваться в Jira. Используйте: `авторизация [логин] [пароль]`

[  6/65] управление      | projects                                          
                   ❌ FAILED: Отсутствует ключевое слово: 'проект'.
                      Ответ: ❌ Необходимо авторизоваться в Jira. Используйте: `авторизация [логин] [пароль]`

[  7/65] кэш             | кеш статистика                                    
                   ✅ PASSED (2ms)

[  8/65] кэш             | кеш очистить                                      
                   ✅ PASSED (2ms)

[  9/65] кэш             | маппинги                                          
                   ✅ PASSED (4ms)

[ 10/65] кэш             | mappings                                          
                   ✅ PASSED (3ms)

[ 11/65] кэш             | обновить                                          
                   ✅ PASSED (3ms)

[ 12/65] кэш             | refresh                                           
                   ✅ PASSED (2ms)

[ 13/65] обучение        | научи клиент "Тестовый Клиент" проект "TEST"      
                   ✅ PASSED (1ms)

[ 14/65] обучение        | научи пользователь "Иван Иванов" username "iivanov
                   ✅ PASSED (1ms)

[ 15/65] обучение        | научи клиент Акме проект ACME                     
                   ✅ PASSED (2ms)

[ 16/65] обучение        | научи                                             
                   ✅ PASSED (0ms)

[ 17/65] поиск           | покажи мои открытые задачи                        
                   ❌ FAILED: Отсутствует ключевое слово: 'задач'. Отсутствует ключевое слово: 'открыт'.
                      Ответ: 
❌ **Необходимо авторизоваться в Jira**

Используйте команду:
`авторизация [логин] [пароль/токен]`

...

[ 18/65] поиск           | найди все задачи в проекте ABC                    
                   ❌ FAILED: Отсутствует ключевое слово: 'задач'. Отсутствует ключевое слово: 'проект'.
                      Ответ: 
❌ **Необходимо авторизоваться в Jira**

Используйте команду:
`авторизация [логин] [пароль/токен]`

...

[ 19/65] поиск           | покажи закрытые задачи за последний месяц         
                   ❌ FAILED: Отсутствует ключевое слово: 'задач'. Отсутствует ключевое слово: 'закрыт'.
                      Ответ: 
❌ **Необходимо авторизоваться в Jira**

Используйте команду:
`авторизация [логин] [пароль/токен]`

...

[ 20/65] поиск           | найди задачи без исполнителя                      
                   ❌ FAILED: Отсутствует ключевое слово: 'задач'. Отсутствует ключевое слово: 'исполнител'.
                      Ответ: 
❌ **Необходимо авторизоваться в Jira**

Используйте команду:
`авторизация [логин] [пароль/токен]`

...

[ 21/65] поиск           | покажи просроченные задачи                        
                   ❌ FAILED: Отсутствует ключевое слово: 'задач'.
                      Ответ: 
❌ **Необходимо авторизоваться в Jira**

Используйте команду:
`авторизация [логин] [пароль/токен]`

...

[ 22/65] поиск           | найди баги в высоким приоритетом                  
                   ❌ FAILED: Отсутствует ключевое слово: 'задач'. Отсутствует ключевое слово: 'баг'.
                      Ответ: 
❌ **Необходимо авторизоваться в Jira**

Используйте команду:
`авторизация [логин] [пароль/токен]`

...

[ 23/65] поиск           | покажи задачи на исполнителе Иван Петров          
                   ❌ FAILED: Отсутствует ключевое слово: 'задач'. Отсутствует ключевое слово: 'исполнител'.
                      Ответ: 
❌ **Необходимо авторизоваться в Jira**

Используйте команду:
`авторизация [логин] [пароль/токен]`

...

[ 24/65] поиск           | найди Epic-и в проекте XYZ                        
                   ❌ FAILED: Отсутствует ключевое слово: 'задач'. Отсутствует ключевое слово: 'Epic'.
                      Ответ: 
❌ **Необходимо авторизоваться в Jira**

Используйте команду:
`авторизация [логин] [пароль/токен]`

...

[ 25/65] текстовый поиск | найди задачи про Power BI                         
                   ❌ FAILED: Отсутствует ключевое слово: 'задач'. Отсутствует ключевое слово: 'Power BI'.
                      Ответ: 
❌ **Необходимо авторизоваться в Jira**

Используйте команду:
`авторизация [логин] [пароль/токен]`

...

[ 26/65] текстовый поиск | найди всё про Qlik Sense                          
                   ❌ FAILED: Отсутствует ключевое слово: 'задач'. Отсутствует ключевое слово: 'Qlik Sense'.
                      Ответ: 
❌ **Необходимо авторизоваться в Jira**

Используйте команду:
`авторизация [логин] [пароль/токен]`

...

[ 27/65] текстовый поиск | поиск упоминаний Python                           
                   ❌ FAILED: Отсутствует ключевое слово: 'задач'. Отсутствует ключевое слово: 'Python'.
                      Ответ: 
❌ **Необходимо авторизоваться в Jira**

Используйте команду:
`авторизация [логин] [пароль/токен]`

...

[ 28/65] текстовый поиск | найди задачи связанные с API                      
                   ❌ FAILED: Отсутствует ключевое слово: 'задач'. Отсутствует ключевое слово: 'API'.2025-07-25 16:24:19.205 | INFO     | app.services.cache_service:__aenter__:39 - Подключение к Redis установлено
2025-07-25 16:24:19.207 | INFO     | app.services.cache_service:__aenter__:39 - Подключение к Redis установлено
2025-07-25 16:24:19.208 | INFO     | app.services.cache_service:__aenter__:39 - Подключение к Redis установлено
2025-07-25 16:24:19.209 | INFO     | app.services.cache_service:__aenter__:39 - Подключение к Redis установлено
2025-07-25 16:24:19.210 | INFO     | app.services.cache_service:__aenter__:39 - Подключение к Redis установлено
2025-07-25 16:24:19.211 | INFO     | app.services.cache_service:__aenter__:39 - Подключение к Redis установлено
2025-07-25 16:24:19.212 | INFO     | app.services.cache_service:__aenter__:39 - Подключение к Redis установлено
2025-07-25 16:24:19.213 | INFO     | app.services.cache_service:__aenter__:39 - Подключение к Redis установлено
2025-07-25 16:24:19.215 | INFO     | app.services.cache_service:__aenter__:39 - Подключение к Redis установлено
2025-07-25 16:24:19.216 | INFO     | app.services.cache_service:__aenter__:39 - Подключение к Redis установлено
2025-07-25 16:24:19.217 | INFO     | app.services.cache_service:__aenter__:39 - Подключение к Redis установлено
2025-07-25 16:24:19.218 | INFO     | app.services.cache_service:__aenter__:39 - Подключение к Redis установлено
2025-07-25 16:24:19.219 | INFO     | app.services.cache_service:__aenter__:39 - Подключение к Redis установлено
2025-07-25 16:24:19.220 | INFO     | app.services.cache_service:__aenter__:39 - Подключение к Redis установлено
2025-07-25 16:24:19.221 | INFO     | app.services.cache_service:__aenter__:39 - Подключение к Redis установлено
2025-07-25 16:24:19.223 | INFO     | app.services.cache_service:__aenter__:39 - Подключение к Redis установлено
2025-07-25 16:24:19.225 | INFO     | app.services.cache_service:__aenter__:39 - Подключение к Redis установлено

                      Ответ: 
❌ **Необходимо авторизоваться в Jira**

Используйте команду:
`авторизация [логин] [пароль/токен]`

...

[ 29/65] текстовый поиск | покажи все задачи про базу данных                 
                   ❌ FAILED: Отсутствует ключевое слово: 'задач'.
                      Ответ: 
❌ **Необходимо авторизоваться в Jira**

Используйте команду:
`авторизация [логин] [пароль/токен]`

...

[ 30/65] текстовый поиск | найди задачи с ошибкой авторизации                
                   ❌ FAILED: Отсутствует ключевое слово: 'задач'.
                      Ответ: 
❌ **Необходимо авторизоваться в Jira**

Используйте команду:
`авторизация [логин] [пароль/токен]`

...

[ 31/65] аналитика       | сколько открытых задач в проекте ABC?             
                   ❌ FAILED: Отсутствует ключевое слово: 'задач'. Отсутствует ключевое слово: 'открыт'.
                      Ответ: 
❌ **Необходимо авторизоваться в Jira**

Используйте команду:
`авторизация [логин] [пароль/токен]`

...

[ 32/65] аналитика       | сколько багов закрыли в этом месяце?              
                   ❌ FAILED: Отсутствует ключевое слово: 'баг'. Отсутствует ключевое слово: 'закрыт'.
                      Ответ: 
❌ **Необходимо авторизоваться в Jira**

Используйте команду:
`авторизация [логин] [пароль/токен]`

...

[ 33/65] аналитика       | статистика по исполнителям в проекте XYZ          
                   ❌ FAILED: Отсутствует ключевое слово: 'статистика'. Отсутствует ключевое слово: 'исполнител'.
                      Ответ: 
❌ **Необходимо авторизоваться в Jira**

Используйте команду:
`авторизация [логин] [пароль/токен]`

...

[ 34/65] аналитика       | сколько задач создано за последнюю неделю?        
                   ❌ FAILED: Отсутствует ключевое слово: 'задач'. Отсутствует ключевое слово: 'создан'.
                      Ответ: 
❌ **Необходимо авторизоваться в Jira**

Используйте команду:
`авторизация [логин] [пароль/токен]`

...

[ 35/65] аналитика       | средний возраст открытых задач                    
                   ❌ FAILED: Отсутствует ключевое слово: 'задач'. Отсутствует ключевое слово: 'возраст'.
                      Ответ: 
❌ **Необходимо авторизоваться в Jira**

Используйте команду:
`авторизация [логин] [пароль/токен]`

...

[ 36/65] аналитика       | топ 5 исполнителей по количеству задач            
                   ❌ FAILED: Отсутствует ключевое слово: 'исполнител'. Отсутствует ключевое слово: 'топ'.
                      Ответ: 
❌ **Необходимо авторизоваться в Jira**

Используйте команду:
`авторизация [логин] [пароль/токен]`

...

[ 37/65] время           | задачи созданные сегодня                          
                   ❌ FAILED: Отсутствует ключевое слово: 'задач'. Отсутствует ключевое слово: 'сегодня'.
                      Ответ: 
❌ **Необходимо авторизоваться в Jira**

Используйте команду:
`авторизация [логин] [пароль/токен]`

...

[ 38/65] время           | задачи за вчера                                   
                   ❌ FAILED: Отсутствует ключевое слово: 'задач'.
                      Ответ: 
❌ **Необходимо авторизоваться в Jira**

Используйте команду:
`авторизация [логин] [пароль/токен]`

...

[ 39/65] время           | задачи за эту неделю                              
                   ❌ FAILED: Отсутствует ключевое слово: 'задач'. Отсутствует ключевое слово: 'неделя'.
                      Ответ: 
❌ **Необходимо авторизоваться в Jira**

Используйте команду:
`авторизация [логин] [пароль/токен]`

...

[ 40/65] время           | задачи за прошлую неделю                          
                   ❌ FAILED: Отсутствует ключевое слово: 'задач'.
                      Ответ: 
❌ **Необходимо авторизоваться в Jira**

Используйте команду:
`авторизация [логин] [пароль/токен]`

...

[ 41/65] время           | задачи за этот месяц                              
                   ❌ FAILED: Отсутствует ключевое слово: 'задач'. Отсутствует ключевое слово: 'месяц'.
                      Ответ: 
❌ **Необходимо авторизоваться в Jira**

Используйте команду:
`авторизация [логин] [пароль/токен]`

...

[ 42/65] время           | задачи созданные в июле                           
                   ❌ FAILED: Отсутствует ключевое слово: 'задач'. Отсутствует ключевое слово: 'июль'.
                      Ответ: 
❌ **Необходимо авторизоваться в Jira**

Используйте команду:
`авторизация [логин] [пароль/токен]`

...

[ 43/65] время           | задачи за 2024 год                                
                   ❌ FAILED: Отсутствует ключевое слово: 'задач'. Отсутствует ключевое слово: '2024'.
                      Ответ: 
❌ **Необходимо авторизоваться в Jira**

Используйте команду:
`авторизация [логин] [пароль/токен]`

...

[ 44/65] графики         | покажи статистику по статусам как график          
                   ❌ FAILED: Отсутствует ключевое слово: 'график'. Отсутствует ключевое слово: 'статус'.
                      Ответ: 
❌ **Необходимо авторизоваться в Jira**

Используйте команду:
`авторизация [логин] [пароль/токен]`

...

[ 45/65] графики         | задачи по исполнителям покажи как график          
                   ❌ FAILED: Отсутствует ключевое слово: 'график'. Отсутствует ключевое слово: 'исполнител'.
                      Ответ: 
❌ **Необходимо авторизоваться в Jira**

Используйте команду:
`авторизация [логин] [пароль/токен]`

...2025-07-25 16:24:19.227 | INFO     | app.services.cache_service:__aenter__:39 - Подключение к Redis установлено
2025-07-25 16:24:19.228 | INFO     | app.services.cache_service:__aenter__:39 - Подключение к Redis установлено
2025-07-25 16:24:19.229 | INFO     | app.services.cache_service:__aenter__:39 - Подключение к Redis установлено
2025-07-25 16:24:19.230 | INFO     | app.services.cache_service:__aenter__:39 - Подключение к Redis установлено
2025-07-25 16:24:19.232 | INFO     | app.services.cache_service:__aenter__:39 - Подключение к Redis установлено
2025-07-25 16:24:19.233 | INFO     | app.services.cache_service:__aenter__:39 - Подключение к Redis установлено
2025-07-25 16:24:19.234 | INFO     | app.services.cache_service:__aenter__:39 - Подключение к Redis установлено
2025-07-25 16:24:19.236 | INFO     | app.services.cache_service:__aenter__:39 - Подключение к Redis установлено
2025-07-25 16:24:19.237 | INFO     | app.services.cache_service:__aenter__:39 - Подключение к Redis установлено
2025-07-25 16:24:19.238 | INFO     | app.services.cache_service:__aenter__:39 - Подключение к Redis установлено
2025-07-25 16:24:19.240 | INFO     | app.services.cache_service:__aenter__:39 - Подключение к Redis установлено
2025-07-25 16:24:19.242 | INFO     | app.services.cache_service:__aenter__:39 - Подключение к Redis установлено
2025-07-25 16:24:19.243 | INFO     | app.services.cache_service:__aenter__:39 - Подключение к Redis установлено
2025-07-25 16:24:19.244 | INFO     | app.services.cache_service:__aenter__:39 - Подключение к Redis установлено
2025-07-25 16:24:19.245 | INFO     | app.services.cache_service:__aenter__:39 - Подключение к Redis установлено
2025-07-25 16:24:19.246 | INFO     | app.services.cache_service:__aenter__:39 - Подключение к Redis установлено
2025-07-25 16:24:19.247 | INFO     | app.services.cache_service:__aenter__:39 - Подключение к Redis установлено
2025-07-25 16:24:19.249 | INFO     | app.services.cache_service:__aenter__:39 - Подключение к Redis установлено


[ 46/65] графики         | динамика создания задач за месяц как график       
                   ❌ FAILED: Отсутствует ключевое слово: 'график'. Отсутствует ключевое слово: 'динамика'.
                      Ответ: 
❌ **Необходимо авторизоваться в Jira**

Используйте команду:
`авторизация [логин] [пароль/токен]`

...

[ 47/65] графики         | распределение типов задач покажи как круговую диаг
                   ❌ FAILED: Отсутствует ключевое слово: 'график'. Отсутствует ключевое слово: 'тип'.
                      Ответ: 
❌ **Необходимо авторизоваться в Jira**

Используйте команду:
`авторизация [логин] [пароль/токен]`

...

[ 48/65] сложные         | сколько задач закрыли по клиенту Филипс в июле?   
                   ❌ FAILED: Отсутствует ключевое слово: 'задач'. Отсутствует ключевое слово: 'закрыт'. Отсутствует ключевое слово: 'июль'.
                      Ответ: 
❌ **Необходимо авторизоваться в Jira**

Используйте команду:
`авторизация [логин] [пароль/токен]`

...

[ 49/65] сложные         | открытые баги высокого приоритета в проекте ABC   
                   ❌ FAILED: Отсутствует ключевое слово: 'баг'. Отсутствует ключевое слово: 'открыт'. Отсутствует ключевое слово: 'приоритет'.
                      Ответ: 
❌ **Необходимо авторизоваться в Jira**

Используйте команду:
`авторизация [логин] [пароль/токен]`

...

[ 50/65] сложные         | задачи без исполнителя старше 30 дней             
                   ❌ FAILED: Отсутствует ключевое слово: 'задач'. Отсутствует ключевое слово: 'исполнител'. Отсутствует ключевое слово: 'дней'.
                      Ответ: 
❌ **Необходимо авторизоваться в Jira**

Используйте команду:
`авторизация [логин] [пароль/токен]`

...

[ 51/65] сложные         | баги созданные в этом месяце исполнителем Иван    
                   ❌ FAILED: Отсутствует ключевое слово: 'баг'. Отсутствует ключевое слово: 'создан'. Отсутствует ключевое слово: 'месяц'.
                      Ответ: 
❌ **Необходимо авторизоваться в Jira**

Используйте команду:
`авторизация [логин] [пароль/токен]`

...

[ 52/65] граничные       |                                                   
                   ✅ PASSED (0ms)

[ 53/65] граничные       |                                                   
                   ✅ PASSED (0ms)

[ 54/65] граничные       | несуществующая команда абвгд                      
                   ❌ FAILED: Отсутствует ключевое слово: 'задач'.
                      Ответ: 
❌ **Необходимо авторизоваться в Jira**

Используйте команду:
`авторизация [логин] [пароль/токен]`

...

[ 55/65] граничные       | задачи в несуществующем проекте ZZZZZZ            
                   ✅ PASSED (2ms)

[ 56/65] граничные       | очень длинный запрос слово слово слово слово слово
                   ✅ PASSED (1ms)

[ 57/65] вариации        | покажи мои задачи                                 
                   ❌ FAILED: Отсутствует ключевое слово: 'задач'.
                      Ответ: 
❌ **Необходимо авторизоваться в Jira**

Используйте команду:
`авторизация [логин] [пароль/токен]`

...

[ 58/65] вариации        | дай мне список моих задач                         
                   ❌ FAILED: Отсутствует ключевое слово: 'задач'.
                      Ответ: 
❌ **Необходимо авторизоваться в Jira**

Используйте команду:
`авторизация [логин] [пароль/токен]`

...

[ 59/65] вариации        | какие у меня есть задачи                          
                   ❌ FAILED: Отсутствует ключевое слово: 'задач'.
                      Ответ: 
❌ **Необходимо авторизоваться в Jira**

Используйте команду:
`авторизация [логин] [пароль/токен]`

...

[ 60/65] вариации        | хочу посмотреть свои задачи                       
                   ❌ FAILED: Отсутствует ключевое слово: 'задач'.
                      Ответ: 
❌ **Необходимо авторизоваться в Jira**

Используйте команду:
`авторизация [логин] [пароль/токен]`

...

[ 61/65] вариации        | мне нужны мои активные задачи                     
                   ❌ FAILED: Отсутствует ключевое слово: 'задач'.
                      Ответ: 
❌ **Необходимо авторизоваться в Jira**

Используйте команду:
`авторизация [логин] [пароль/токен]`

...

[ 62/65] язык            | show my open tasks                                
                   ❌ FAILED: Отсутствует ключевое слово: 'задач'.
                      Ответ: 
❌ **Необходимо авторизоваться в Jira**

Используйте команду:
`авторизация [логин] [пароль/токен]`

...

[ 63/65] язык            | ПОКАЖИ ВСЕ ЗАДАЧИ                                 
                   ❌ FAILED: Отсутствует ключевое слово: 'задач'.
                      Ответ: 
❌ **Необходимо авторизоваться в Jira**

Используйте команду:
`авторизация [логин] [пароль/токен]`

...

[ 64/65] язык            | покажи, пожалуйста, мои задачи                    
                   ❌ FAILED: Отсутствует ключевое слово: 'задач'.
                      Ответ: 
❌ **Необходимо авторизоваться в Jira**

Используйте команду:
`авторизация [логин] [пароль/токен]`

...

[ 65/65] язык            | задачи плз                                        
                   ❌ FAILED: Отсутствует ключевое слово: 'задач'.
                      Ответ: 
❌ **Необходимо авторизоваться в Jira**

Используйте команду:
`авторизация [логин] [пароль/токен]`

...

================================================================================
🎯 ИТОГИ ТЕСТИРОВАНИЯ
================================================================================

📊 Общая статистика:
   • Всего тестов: 65
   • Прошли: 18 ✅
   • Провалились: 47 ❌
   • Успешность: 27.7%
   • Среднее время ответа: 5ms

📈 Статистика по категориям:
   • управление            4/ 6 ( 66.7%)
   • кэш                   6/ 6 (100.0%)
   • обучение              4/ 4 (100.0%)
   • поиск                 0/ 8 (  0.0%)
   • текстовый поиск       0/ 6 (  0.0%)
   • аналитика             0/ 6 (  0.0%)
   • время                 0/ 7 (  0.0%)
   • графики               0/ 4 (  0.0%)
   • сложные               0/ 4 (  0.0%)
   • граничные             4/ 5 ( 80.0%)
   • вариации              0/ 5 (  0.0%)
   • язык                  0/ 4 (  0.0%)

❌ Провалившиеся тесты (47):
   • [управление] проекты
     Ошибка: Отсутствует ключевое слово: 'проект'.

   • [управление] projects
     Ошибка: Отсутствует ключевое слово: 'проект'.

   • [поиск] покажи мои открытые задачи
     Ошибка: Отсутствует ключевое слово: 'задач'. Отсутствует ключевое слово: 'открыт'.

   • [поиск] найди все задачи в проекте ABC
     Ошибка: Отсутствует ключевое слово: 'задач'. Отсутствует ключевое слово: 'проект'.

   • [поиск] покажи закрытые задачи за последний месяц
     Ошибка: Отсутствует ключевое слово: 'задач'. Отсутствует ключевое слово: 'закрыт'.

   • [поиск] найди задачи без исполнителя
     Ошибка: Отсутствует ключевое слово: 'задач'. Отсутствует ключевое слово: 'исполнител'.

   • [поиск] покажи просроченные задачи
     Ошибка: Отсутствует ключевое слово: 'задач'.

   • [поиск] найди баги в высоким приоритетом
     Ошибка: Отсутствует ключевое слово: 'задач'. Отсутствует ключевое слово: 'баг'.

   • [поиск] покажи задачи на исполнителе Иван Петров
     Ошибка: Отсутствует ключевое слово: 'задач'. Отсутствует ключевое слово: 'исполнител'.

   • [поиск] найди Epic-и в проекте XYZ
     Ошибка: Отсутствует ключевое слово: 'задач'. Отсутствует ключевое слово: 'Epic'.

   • [текстовый поиск] найди задачи про Power BI
     Ошибка: Отсутствует ключевое слово: 'задач'. Отсутствует ключевое слово: 'Power BI'.

   • [текстовый поиск] найди всё про Qlik Sense
     Ошибка: Отсутствует ключевое слово: 'задач'. Отсутствует ключевое слово: 'Qlik Sense'.

   • [текстовый поиск] поиск упоминаний Python
     Ошибка: Отсутствует ключевое слово: 'задач'. Отсутствует ключевое слово: 'Python'.

   • [текстовый поиск] найди задачи связанные с API
     Ошибка: Отсутствует ключевое слово: 'задач'. Отсутствует ключевое слово: 'API'.

   • [текстовый поиск] покажи все задачи про базу данных
     Ошибка: Отсутствует ключевое слово: 'задач'.

   • [текстовый поиск] найди задачи с ошибкой авторизации
     Ошибка: Отсутствует ключевое слово: 'задач'.

   • [аналитика] сколько открытых задач в проекте ABC?
     Ошибка: Отсутствует ключевое слово: 'задач'. Отсутствует ключевое слово: 'открыт'.

   • [аналитика] сколько багов закрыли в этом месяце?
     Ошибка: Отсутствует ключевое слово: 'баг'. Отсутствует ключевое слово: 'закрыт'.

   • [аналитика] статистика по исполнителям в проекте XYZ
     Ошибка: Отсутствует ключевое слово: 'статистика'. Отсутствует ключевое слово: 'исполнител'.

   • [аналитика] сколько задач создано за последнюю неделю?
     Ошибка: Отсутствует ключевое слово: 'задач'. Отсутствует ключевое слово: 'создан'.

   • [аналитика] средний возраст открытых задач
     Ошибка: Отсутствует ключевое слово: 'задач'. Отсутствует ключевое слово: 'возраст'.

   • [аналитика] топ 5 исполнителей по количеству задач
     Ошибка: Отсутствует ключевое слово: 'исполнител'. Отсутствует ключевое слово: 'топ'.

   • [время] задачи созданные сегодня
     Ошибка: Отсутствует ключевое слово: 'задач'. Отсутствует ключевое слово: 'сегодня'.

   • [время] задачи за вчера
     Ошибка: Отсутствует ключевое слово: 'задач'.

   • [время] задачи за эту неделю
     Ошибка: Отсутствует ключевое слово: 'задач'. Отсутствует ключевое слово: 'неделя'.

   • [время] задачи за прошлую неделю
     Ошибка: Отсутствует ключевое слово: 'задач'.

   • [время] задачи за этот месяц
     Ошибка: Отсутствует ключевое слово: 'задач'. Отсутствует ключевое слово: 'месяц'.

   • [время] задачи созданные в июле
     Ошибка: Отсутствует ключевое слово: 'задач'. Отсутствует ключевое слово: 'июль'.

   • [время] задачи за 2024 год
     Ошибка: Отсутствует ключевое слово: 'задач'. Отсутствует ключевое слово: '2024'.

   • [графики] покажи статистику по статусам как график
     Ошибка: Отсутствует ключевое слово: 'график'. Отсутствует ключевое слово: 'статус'.

   • [графики] задачи по исполнителям покажи как график
     Ошибка: Отсутствует ключевое слово: 'график'. Отсутствует ключевое слово: 'исполнител'.

   • [графики] динамика создания задач за месяц как график
     Ошибка: Отсутствует ключевое слово: 'график'. Отсутствует ключевое слово: 'динамика'.

   • [графики] распределение типов задач покажи как круговую диаграмму
     Ошибка: Отсутствует ключевое слово: 'график'. Отсутствует ключевое слово: 'тип'.

   • [сложные] сколько задач закрыли по клиенту Филипс в июле?
     Ошибка: Отсутствует ключевое слово: 'задач'. Отсутствует ключевое слово: 'закрыт'. Отсутствует ключевое слово: 'июль'.

   • [сложные] открытые баги высокого приоритета в проекте ABC
     Ошибка: Отсутствует ключевое слово: 'баг'. Отсутствует ключевое слово: 'открыт'. Отсутствует ключевое слово: 'приоритет'.

   • [сложные] задачи без исполнителя старше 30 дней
     Ошибка: Отсутствует ключевое слово: 'задач'. Отсутствует ключевое слово: 'исполнител'. Отсутствует ключевое слово: 'дней'.

   • [сложные] баги созданные в этом месяце исполнителем Иван
     Ошибка: Отсутствует ключевое слово: 'баг'. Отсутствует ключевое слово: 'создан'. Отсутствует ключевое слово: 'месяц'.

   • [граничные] несуществующая команда абвгд
     Ошибка: Отсутствует ключевое слово: 'задач'.

   • [вариации] покажи мои задачи
     Ошибка: Отсутствует ключевое слово: 'задач'.

   • [вариации] дай мне список моих задач
     Ошибка: Отсутствует ключевое слово: 'задач'.

   • [вариации] какие у меня есть задачи
     Ошибка: Отсутствует ключевое слово: 'задач'.

   • [вариации] хочу посмотреть свои задачи
     Ошибка: Отсутствует ключевое слово: 'задач'.

   • [вариации] мне нужны мои активные задачи
     Ошибка: Отсутствует ключевое слово: 'задач'.

   • [язык] show my open tasks
     Ошибка: Отсутствует ключевое слово: 'задач'.

   • [язык] ПОКАЖИ ВСЕ ЗАДАЧИ
     Ошибка: Отсутствует ключевое слово: 'задач'.

   • [язык] покажи, пожалуйста, мои задачи
     Ошибка: Отсутствует ключевое слово: 'задач'.

   • [язык] задачи плз
     Ошибка: Отсутствует ключевое слово: 'задач'.

💾 Результаты сохранены в test_results_YYYYMMDD_HHMMSS.json

⚠️  47 ТЕСТОВ ПРОВАЛИЛИСЬ
